"C:\Program Files\Java\jdk-21\bin\java.exe" -Dmaven.multiModuleProjectDirectory=C:\Users\alexe\IdeaProjects\maven -Djansi.passthrough=true "-Dmaven.home=C:\Users\alexe\AppData\Local\Programs\IntelliJ IDEA Community Edition\plugins\maven\lib\maven3" "-Dclassworlds.conf=C:\Users\alexe\AppData\Local\Programs\IntelliJ IDEA Community Edition\plugins\maven\lib\maven3\bin\m2.conf" "-Dmaven.ext.class.path=C:\Users\alexe\AppData\Local\Programs\IntelliJ IDEA Community Edition\plugins\maven\lib\maven-event-listener.jar" "-javaagent:C:\Users\alexe\AppData\Local\Programs\IntelliJ IDEA Community Edition\lib\idea_rt.jar=58124:C:\Users\alexe\AppData\Local\Programs\IntelliJ IDEA Community Edition\bin" -Dfile.encoding=UTF-8 -Dsun.stdout.encoding=UTF-8 -Dsun.stderr.encoding=UTF-8 -classpath "C:\Users\alexe\AppData\Local\Programs\IntelliJ IDEA Community Edition\plugins\maven\lib\maven3\boot\plexus-classworlds-2.7.0.jar;C:\Users\alexe\AppData\Local\Programs\IntelliJ IDEA Community Edition\plugins\maven\lib\maven3\boot\plexus-classworlds.license" org.codehaus.classworlds.Launcher -Didea.version=2023.3.3 test
[INFO] Scanning for projects...
[INFO] 
[INFO] -------------------------< org.example:maven >--------------------------
[INFO] Building maven 1.0-SNAPSHOT
[INFO]   from pom.xml
[INFO] --------------------------------[ jar ]---------------------------------
[INFO] 
[INFO] --- resources:3.3.1:resources (default-resources) @ maven ---
[INFO] Copying 0 resource from src\main\resources to target\classes
[INFO] 
[INFO] --- compiler:3.11.0:compile (default-compile) @ maven ---
[INFO] Nothing to compile - all classes are up to date
[INFO] 
[INFO] --- resources:3.3.1:testResources (default-testResources) @ maven ---
[INFO] skip non existing resourceDirectory C:\Users\alexe\IdeaProjects\maven\src\test\resources
[INFO] 
[INFO] --- compiler:3.11.0:testCompile (default-testCompile) @ maven ---
[INFO] Changes detected - recompiling the module! :source
[INFO] Compiling 1 source file with javac [debug target 21] to target\test-classes
[INFO] 
[INFO] --- surefire:3.1.2:test (default-test) @ maven ---
[INFO] Using auto detected provider org.apache.maven.surefire.junitplatform.JUnitPlatformProvider
[INFO] 
[INFO] -------------------------------------------------------
[INFO]  T E S T S
[INFO] -------------------------------------------------------
[INFO] Running org.example.SorterTest
[INFO] Tests run: 1, Failures: 0, Errors: 0, Skipped: 0, Time elapsed: 0.062 s -- in org.example.SorterTest
[INFO] 
[INFO] Results:
[INFO] 
[INFO] Tests run: 1, Failures: 0, Errors: 0, Skipped: 0
[INFO] 
[INFO] ------------------------------------------------------------------------
[INFO] BUILD SUCCESS
[INFO] ------------------------------------------------------------------------
[INFO] Total time:  2.545 s
[INFO] Finished at: 2024-03-14T13:38:52+03:00
[INFO] ------------------------------------------------------------------------

Process finished with exit code 0
